[
    {'filename': 'DoDI 5000.94.pdf', 'documentTitle': 'Use of Robotic Systems for Manufacturing and Sustainment in the DoD', 'organizationPersonnelNumbering': '2.1.', 'organizationPersonnelText': ' UNDER SECRETARY OF DEFENSE FOR ACQUISITION AND SUSTAINMENT (USD(A&S)). The USD(A&S):', 'organizationPersonnelEntities': 'USD(A&S);Under Secretary of Defense for Acquisition and Sustainment', 'responsibilityNumbering': 'a.', 'responsibilityText': ' Establishes, maintains, and monitors the implementation of policy for the use of robotic systems for manufacturing and sustainment in the DoD.', 'responsibilityEntities': 'DoD'},
    {'filename': 'DoDI 5000.94.pdf', 'documentTitle': 'Use of Robotic Systems for Manufacturing and Sustainment in the DoD', 'organizationPersonnelNumbering': '2.1.', 'organizationPersonnelText': ' UNDER SECRETARY OF DEFENSE FOR ACQUISITION AND SUSTAINMENT (USD(A&S)). The USD(A&S):', 'organizationPersonnelEntities': 'USD(A&S);Under Secretary of Defense for Acquisition and Sustainment', 'responsibilityNumbering': 'b.', 'responsibilityText': ' Promotes integrating requirements for robotic systems into life cycle considerations and as part of the review process at each acquisition milestone.', 'responsibilityEntities': ''},
    {'filename': 'DoDI 5000.94.pdf', 'documentTitle': 'Use of Robotic Systems for Manufacturing and Sustainment in the DoD', 'organizationPersonnelNumbering': '2.1.', 'organizationPersonnelText': ' UNDER SECRETARY OF DEFENSE FOR ACQUISITION AND SUSTAINMENT (USD(A&S)). The USD(A&S):', 'organizationPersonnelEntities': 'USD(A&S);Under Secretary of Defense for Acquisition and Sustainment', 'responsibilityNumbering': 'c.', 'responsibilityText': ' Establishes a framework and best practices for acquiring robotic systems across the DoD.', 'responsibilityEntities': 'DoD'},
    {'filename': 'DoDI 5000.94.pdf', 'documentTitle': 'Use of Robotic Systems for Manufacturing and Sustainment in the DoD', 'organizationPersonnelNumbering': '2.1.', 'organizationPersonnelText': ' UNDER SECRETARY OF DEFENSE FOR ACQUISITION AND SUSTAINMENT (USD(A&S)). The USD(A&S):', 'organizationPersonnelEntities': 'USD(A&S);Under Secretary of Defense for Acquisition and Sustainment', 'responsibilityNumbering': 'd.', 'responsibilityText': ' Identifies an organizational focal point and lead from within their Component, that participates in JROBOT.', 'responsibilityEntities': ''},
    {'filename': 'DoDI 5000.94.pdf', 'documentTitle': 'Use of Robotic Systems for Manufacturing and Sustainment in the DoD', 'organizationPersonnelNumbering': '2.1.', 'organizationPersonnelText': ' UNDER SECRETARY OF DEFENSE FOR ACQUISITION AND SUSTAINMENT (USD(A&S)). The USD(A&S):', 'organizationPersonnelEntities': 'USD(A&S);Under Secretary of Defense for Acquisition and Sustainment', 'responsibilityNumbering': 'e.', 'responsibilityText': ' Expands the doctrine, organization, training, materiel, leadership, education, personnel, facilities, and policy process to ensure that robotic systems are considered.', 'responsibilityEntities': ''},
    {'filename': 'DoDI 5000.94.pdf', 'documentTitle': 'Use of Robotic Systems for Manufacturing and Sustainment in the DoD', 'organizationPersonnelNumbering': '2.1.', 'organizationPersonnelText': ' UNDER SECRETARY OF DEFENSE FOR ACQUISITION AND SUSTAINMENT (USD(A&S)). The USD(A&S):', 'organizationPersonnelEntities': 'USD(A&S);Under Secretary of Defense for Acquisition and Sustainment', 'responsibilityNumbering': 'f.', 'responsibilityText': ' Directs the Defense Acquisition University to provide robotic systems related training for all levels of acquisition certifications.', 'responsibilityEntities': 'Defense Acquisition University'},
    {'filename': 'DoDI 5000.94.pdf', 'documentTitle': 'Use of Robotic Systems for Manufacturing and Sustainment in the DoD', 'organizationPersonnelNumbering': '2.1.', 'organizationPersonnelText': ' UNDER SECRETARY OF DEFENSE FOR ACQUISITION AND SUSTAINMENT (USD(A&S)). The USD(A&S):', 'organizationPersonnelEntities': 'USD(A&S);Under Secretary of Defense for Acquisition and Sustainment', 'responsibilityNumbering': 'g.', 'responsibilityText': ' Directs developing acquisition and sustainment (A&S) requirements to inform R&D activities related to robotic systems for manufacturing and sustainment in the DoD.', 'responsibilityEntities': 'DoD;RD'},
    {'filename': 'DoDI 5000.94.pdf', 'documentTitle': 'Use of Robotic Systems for Manufacturing and Sustainment in the DoD', 'organizationPersonnelNumbering': '2.1.', 'organizationPersonnelText': ' UNDER SECRETARY OF DEFENSE FOR ACQUISITION AND SUSTAINMENT (USD(A&S)). The USD(A&S):', 'organizationPersonnelEntities': 'USD(A&S);Under Secretary of Defense for Acquisition and Sustainment', 'responsibilityNumbering': 'h.', 'responsibilityText': ' Develops and publishes a DoD-wide strategy for robotic systems for A&S operations.', 'responsibilityEntities': ''},
    {'filename': 'DoDI 5000.94.pdf', 'documentTitle': 'Use of Robotic Systems for Manufacturing and Sustainment in the DoD', 'organizationPersonnelNumbering': '2.1.', 'organizationPersonnelText': ' UNDER SECRETARY OF DEFENSE FOR ACQUISITION AND SUSTAINMENT (USD(A&S)). The USD(A&S):', 'organizationPersonnelEntities': 'USD(A&S);Under Secretary of Defense for Acquisition and Sustainment', 'responsibilityNumbering': 'i.', 'responsibilityText': ' When appropriate, transitions, maintains, and funds R&D for A&S operations.', 'responsibilityEntities': 'RD'},
    {'filename': 'DoDI 5000.94.pdf', 'documentTitle': 'Use of Robotic Systems for Manufacturing and Sustainment in the DoD', 'organizationPersonnelNumbering': '2.1.', 'organizationPersonnelText': ' UNDER SECRETARY OF DEFENSE FOR ACQUISITION AND SUSTAINMENT (USD(A&S)). The USD(A&S):', 'organizationPersonnelEntities': 'USD(A&S);Under Secretary of Defense for Acquisition and Sustainment', 'responsibilityNumbering': 'j.', 'responsibilityText': ' Informs the joint planning community of sustainment requirements associated with new robotic systems.', 'responsibilityEntities': ''},
    {'filename': 'DoDI 5000.94.pdf', 'documentTitle': 'Use of Robotic Systems for Manufacturing and Sustainment in the DoD', 'organizationPersonnelNumbering': '2.1.', 'organizationPersonnelText': ' UNDER SECRETARY OF DEFENSE FOR ACQUISITION AND SUSTAINMENT (USD(A&S)). The USD(A&S):', 'organizationPersonnelEntities': 'USD(A&S);Under Secretary of Defense for Acquisition and Sustainment', 'responsibilityNumbering': 'k.', 'responsibilityText': ' Informs research and engineering R&D activities with requirements and need statements from the A&S enterprise.', 'responsibilityEntities': 'RD'},
    {'filename': 'DoDI 5000.94.pdf', 'documentTitle': 'Use of Robotic Systems for Manufacturing and Sustainment in the DoD', 'organizationPersonnelNumbering': '2.1.', 'organizationPersonnelText': ' UNDER SECRETARY OF DEFENSE FOR ACQUISITION AND SUSTAINMENT (USD(A&S)). The USD(A&S):', 'organizationPersonnelEntities': 'USD(A&S);Under Secretary of Defense for Acquisition and Sustainment', 'responsibilityNumbering': 'l.', 'responsibilityText': ' Promotes establishing and maintaining the cyber-physical infrastructure and risk management framework to support using robotic systems.', 'responsibilityEntities': ''},
    {'filename': 'DoDI 5000.94.pdf', 'documentTitle': 'Use of Robotic Systems for Manufacturing and Sustainment in the DoD', 'organizationPersonnelNumbering': '2.1.', 'organizationPersonnelText': ' UNDER SECRETARY OF DEFENSE FOR ACQUISITION AND SUSTAINMENT (USD(A&S)). The USD(A&S):', 'organizationPersonnelEntities': 'USD(A&S);Under Secretary of Defense for Acquisition and Sustainment', 'responsibilityNumbering': 'm.', 'responsibilityText': ' Assesses the domestic robotic systems supply chain capability and develops industrial policy and guidance to ensure proper and uninterrupted capacity to support military operations.', 'responsibilityEntities': ''},
    {'filename': 'DoDI 5000.94.pdf', 'documentTitle': 'Use of Robotic Systems for Manufacturing and Sustainment in the DoD', 'organizationPersonnelNumbering': '2.1.', 'organizationPersonnelText': ' UNDER SECRETARY OF DEFENSE FOR ACQUISITION AND SUSTAINMENT (USD(A&S)). The USD(A&S):', 'organizationPersonnelEntities': 'USD(A&S);Under Secretary of Defense for Acquisition and Sustainment', 'responsibilityNumbering': 'n.', 'responsibilityText': ' Directs the Defense Logistics Agency to oversee and deploy best practices for acquiring and managing common robotic systems and spares.', 'responsibilityEntities': 'Defense Logistics Agency'},
    {'filename': 'DoDI 5000.94.pdf', 'documentTitle': 'Use of Robotic Systems for Manufacturing and Sustainment in the DoD', 'organizationPersonnelNumbering': '2.1.', 'organizationPersonnelText': ' UNDER SECRETARY OF DEFENSE FOR ACQUISITION AND SUSTAINMENT (USD(A&S)). The USD(A&S):', 'organizationPersonnelEntities': 'USD(A&S);Under Secretary of Defense for Acquisition and Sustainment', 'responsibilityNumbering': 'o.', 'responsibilityText': ' Establishes and monitors acquisition best practices for accessing intellectual property and data rights to support robotic systems sustainment operations.', 'responsibilityEntities': ''},
    {'filename': 'DoDI 5000.94.pdf', 'documentTitle': 'Use of Robotic Systems for Manufacturing and Sustainment in the DoD', 'organizationPersonnelNumbering': '2.1.', 'organizationPersonnelText': ' UNDER SECRETARY OF DEFENSE FOR ACQUISITION AND SUSTAINMENT (USD(A&S)). The USD(A&S):', 'organizationPersonnelEntities': 'USD(A&S);Under Secretary of Defense for Acquisition and Sustainment', 'responsibilityNumbering': 'p.', 'responsibilityText': ' Directs developing requirements and oversees implementing environmental assessments, in accordance with Military Standard MIL-STD-882E to support sustainment operations for robotic systems.', 'responsibilityEntities': ''},
    {'filename': 'DoDI 5000.94.pdf', 'documentTitle': 'Use of Robotic Systems for Manufacturing and Sustainment in the DoD', 'organizationPersonnelNumbering': '2.2.', 'organizationPersonnelText': ' UNDER SECRETARY OF DEFENSE FOR RESEARCH AND ENGINEERING (R&E). The Under Secretary of Defense for (R&E):', 'organizationPersonnelEntities': 'Under Secretary of Defense;Under Secretary of Defense for Research and Engineering', 'responsibilityNumbering': 'a.', 'responsibilityText': ' Supports R&D and using robotic systems through organizational policies, guidance, and procedures within the R&E enterprise.', 'responsibilityEntities': 'RD'},
    {'filename': 'DoDI 5000.94.pdf', 'documentTitle': 'Use of Robotic Systems for Manufacturing and Sustainment in the DoD', 'organizationPersonnelNumbering': '2.2.', 'organizationPersonnelText': ' UNDER SECRETARY OF DEFENSE FOR RESEARCH AND ENGINEERING (R&E). The Under Secretary of Defense for (R&E):', 'organizationPersonnelEntities': 'Under Secretary of Defense;Under Secretary of Defense for Research and Engineering', 'responsibilityNumbering': 'b.', 'responsibilityText': ' Engages with A&S communities to ensure that robotic systems are properly considered and promote robotics configuration management.', 'responsibilityEntities': ''},
    {'filename': 'DoDI 5000.94.pdf', 'documentTitle': 'Use of Robotic Systems for Manufacturing and Sustainment in the DoD', 'organizationPersonnelNumbering': '2.2.', 'organizationPersonnelText': ' UNDER SECRETARY OF DEFENSE FOR RESEARCH AND ENGINEERING (R&E). The Under Secretary of Defense for (R&E):', 'organizationPersonnelEntities': 'Under Secretary of Defense;Under Secretary of Defense for Research and Engineering', 'responsibilityNumbering': 'c.', 'responsibilityText': ' Coordinates the development of common technical standards for robotic systems and engagement with appropriate standard development organizations.', 'responsibilityEntities': ''},
    {'filename': 'DoDI 5000.94.pdf', 'documentTitle': 'Use of Robotic Systems for Manufacturing and Sustainment in the DoD', 'organizationPersonnelNumbering': '2.2.', 'organizationPersonnelText': ' UNDER SECRETARY OF DEFENSE FOR RESEARCH AND ENGINEERING (R&E). The Under Secretary of Defense for (R&E):', 'organizationPersonnelEntities': 'Under Secretary of Defense;Under Secretary of Defense for Research and Engineering', 'responsibilityNumbering': 'd.', 'responsibilityText': ' Coordinates developing standardized or interoperable robotic component technical standards and systems for use across the DoD.', 'responsibilityEntities': 'DoD'},
    {'filename': 'DoDI 5000.94.pdf', 'documentTitle': 'Use of Robotic Systems for Manufacturing and Sustainment in the DoD', 'organizationPersonnelNumbering': '2.2.', 'organizationPersonnelText': ' UNDER SECRETARY OF DEFENSE FOR RESEARCH AND ENGINEERING (R&E). The Under Secretary of Defense for (R&E):', 'organizationPersonnelEntities': 'Under Secretary of Defense;Under Secretary of Defense for Research and Engineering', 'responsibilityNumbering': 'e.', 'responsibilityText': ' Identifies an organizational lead and focal point, from within their Component, that participates in JROBOT.', 'responsibilityEntities': ''},
    {'filename': 'DoDI 5000.94.pdf', 'documentTitle': 'Use of Robotic Systems for Manufacturing and Sustainment in the DoD', 'organizationPersonnelNumbering': '2.2.', 'organizationPersonnelText': ' UNDER SECRETARY OF DEFENSE FOR RESEARCH AND ENGINEERING (R&E). The Under Secretary of Defense for (R&E):', 'organizationPersonnelEntities': 'Under Secretary of Defense;Under Secretary of Defense for Research and Engineering', 'responsibilityNumbering': 'f.', 'responsibilityText': ' Assists the USD(A&S) and the Secretaries of the MILDEPs in developing common technical training methods for robotic systems for manufacturing and sustainment.', 'responsibilityEntities': 'Secretaries of the MILDEPs;USD(A&S)'},
    {'filename': 'DoDI 5000.94.pdf', 'documentTitle': 'Use of Robotic Systems for Manufacturing and Sustainment in the DoD', 'organizationPersonnelNumbering': '2.2.', 'organizationPersonnelText': ' UNDER SECRETARY OF DEFENSE FOR RESEARCH AND ENGINEERING (R&E). The Under Secretary of Defense for (R&E):', 'organizationPersonnelEntities': 'Under Secretary of Defense;Under Secretary of Defense for Research and Engineering', 'responsibilityNumbering': 'g.', 'responsibilityText': ' Coordinates with USD(A&S) on transitioning research, developing, and testing related robotic systems technologies for dual-use sustainment applications.', 'responsibilityEntities': 'USD(A&S)'},
    {'filename': 'DoDI 5000.94.pdf', 'documentTitle': 'Use of Robotic Systems for Manufacturing and Sustainment in the DoD', 'organizationPersonnelNumbering': '2.2.', 'organizationPersonnelText': ' UNDER SECRETARY OF DEFENSE FOR RESEARCH AND ENGINEERING (R&E). The Under Secretary of Defense for (R&E):', 'organizationPersonnelEntities': 'Under Secretary of Defense;Under Secretary of Defense for Research and Engineering', 'responsibilityNumbering': 'h.', 'responsibilityText': ' Coordinates and integrates existing R&E priority robotic technology roadmaps (e.g., autonomy community of interest) and MILDEPs’ robotic technology roadmaps to satisfy A&S requirements.', 'responsibilityEntities': ''},
    {'filename': 'DoDI 5000.94.pdf', 'documentTitle': 'Use of Robotic Systems for Manufacturing and Sustainment in the DoD', 'organizationPersonnelNumbering': '2.2.', 'organizationPersonnelText': ' UNDER SECRETARY OF DEFENSE FOR RESEARCH AND ENGINEERING (R&E). The Under Secretary of Defense for (R&E):', 'organizationPersonnelEntities': 'Under Secretary of Defense;Under Secretary of Defense for Research and Engineering', 'responsibilityNumbering': 'i.', 'responsibilityText': ' Maintains and invests in long-term strategic partnerships to develop and advance robotic system technology and workforce development.', 'responsibilityEntities': ''},
    {'filename': 'DoDI 5000.94.pdf', 'documentTitle': 'Use of Robotic Systems for Manufacturing and Sustainment in the DoD', 'organizationPersonnelNumbering': '2.2.', 'organizationPersonnelText': ' UNDER SECRETARY OF DEFENSE FOR RESEARCH AND ENGINEERING (R&E). The Under Secretary of Defense for (R&E):', 'organizationPersonnelEntities': 'Under Secretary of Defense;Under Secretary of Defense for Research and Engineering', 'responsibilityNumbering': 'j.', 'responsibilityText': ' Supports the USD(A&S) in assessing and establishing a technically capable and resilient robotic systems supply chain.', 'responsibilityEntities': 'USD(A&S)'},
    {'filename': 'DoDI 5000.94.pdf', 'documentTitle': 'Use of Robotic Systems for Manufacturing and Sustainment in the DoD', 'organizationPersonnelNumbering': '2.2.', 'organizationPersonnelText': ' UNDER SECRETARY OF DEFENSE FOR RESEARCH AND ENGINEERING (R&E). The Under Secretary of Defense for (R&E):', 'organizationPersonnelEntities': 'Under Secretary of Defense;Under Secretary of Defense for Research and Engineering', 'responsibilityNumbering': 'k.', 'responsibilityText': ' Integrates robotic system considerations into guidance and training.  Requires that the applicable workforce is educated, trained, and certified, as appropriate.', 'responsibilityEntities': ''},
    {'filename': 'DoDI 5000.94.pdf', 'documentTitle': 'Use of Robotic Systems for Manufacturing and Sustainment in the DoD', 'organizationPersonnelNumbering': '2.3.', 'organizationPersonnelText': ' UNDER SECRETARY OF DEFENSE FOR PERSONNEL AND READINESS. The Under Secretary of Defense for Personnel and Readiness directs requirements development and oversees implementing safety and occupational health assessments, in accordance with Military Standard MIL-STD-882E, to support A&S operations for robotic systems.', 'organizationPersonnelEntities': 'Under Secretary of Defense for Personnel and Readiness', 'responsibilityNumbering': '', 'responsibilityText': '', 'responsibilityEntities': ''},
    {'filename': 'DoDI 5000.94.pdf', 'documentTitle': 'Use of Robotic Systems for Manufacturing and Sustainment in the DoD', 'organizationPersonnelNumbering': '2.4.', 'organizationPersonnelText': ' SECRETARIES OF THE MILDEPS AND DIRECTORS OF THE DEFENSE AGENCIES. The Secretaries of the MILDEPs and the Directors of the Defense Agencies:', 'organizationPersonnelEntities': 'Directors of the Defense Agencies;Secretaries of the MILDEPs', 'responsibilityNumbering': 'a.', 'responsibilityText': ' Develop and maintain robotic systems and automation policy, guidance, and plans throughout the life cycle for materiel solutions, including using robotic systems to support maintenance and sustainment in a contingency or combat environment.', 'responsibilityEntities': ''},
    {'filename': 'DoDI 5000.94.pdf', 'documentTitle': 'Use of Robotic Systems for Manufacturing and Sustainment in the DoD', 'organizationPersonnelNumbering': '2.4.', 'organizationPersonnelText': ' SECRETARIES OF THE MILDEPS AND DIRECTORS OF THE DEFENSE AGENCIES. The Secretaries of the MILDEPs and the Directors of the Defense Agencies:', 'organizationPersonnelEntities': 'Directors of the Defense Agencies;Secretaries of the MILDEPs', 'responsibilityNumbering': 'b.', 'responsibilityText': ' Conduct inspection and readiness reviews to inform robotic requirements for retooling and new systems, and report the results of these reviews to the USD(A&S).', 'responsibilityEntities': 'USD(A&S)'},
    {'filename': 'DoDI 5000.94.pdf', 'documentTitle': 'Use of Robotic Systems for Manufacturing and Sustainment in the DoD', 'organizationPersonnelNumbering': '2.4.', 'organizationPersonnelText': ' SECRETARIES OF THE MILDEPS AND DIRECTORS OF THE DEFENSE AGENCIES. The Secretaries of the MILDEPs and the Directors of the Defense Agencies:', 'organizationPersonnelEntities': 'Directors of the Defense Agencies;Secretaries of the MILDEPs', 'responsibilityNumbering': 'c.', 'responsibilityText': ' Conduct return on investment reviews of benefits derived from fielded robotic systems.', 'responsibilityEntities': ''},
    {'filename': 'DoDI 5000.94.pdf', 'documentTitle': 'Use of Robotic Systems for Manufacturing and Sustainment in the DoD', 'organizationPersonnelNumbering': '2.4.', 'organizationPersonnelText': ' SECRETARIES OF THE MILDEPS AND DIRECTORS OF THE DEFENSE AGENCIES. The Secretaries of the MILDEPs and the Directors of the Defense Agencies:', 'organizationPersonnelEntities': 'Directors of the Defense Agencies;Secretaries of the MILDEPs', 'responsibilityNumbering': 'd.', 'responsibilityText': ' Require program managers to conduct a cost-benefit and risk-mitigation analyses to consider and resource robotic technologies.', 'responsibilityEntities': ''},
    {'filename': 'DoDI 5000.94.pdf', 'documentTitle': 'Use of Robotic Systems for Manufacturing and Sustainment in the DoD', 'organizationPersonnelNumbering': '2.4.', 'organizationPersonnelText': ' SECRETARIES OF THE MILDEPS AND DIRECTORS OF THE DEFENSE AGENCIES. The Secretaries of the MILDEPs and the Directors of the Defense Agencies:', 'organizationPersonnelEntities': 'Directors of the Defense Agencies;Secretaries of the MILDEPs', 'responsibilityNumbering': 'e.', 'responsibilityText': ' Direct using best practices for acquisition language, commercial off-the-shelf systems, and components wherever possible.', 'responsibilityEntities': ''},
    {'filename': 'DoDI 5000.94.pdf', 'documentTitle': 'Use of Robotic Systems for Manufacturing and Sustainment in the DoD', 'organizationPersonnelNumbering': '2.4.', 'organizationPersonnelText': ' SECRETARIES OF THE MILDEPS AND DIRECTORS OF THE DEFENSE AGENCIES. The Secretaries of the MILDEPs and the Directors of the Defense Agencies:', 'organizationPersonnelEntities': 'Directors of the Defense Agencies;Secretaries of the MILDEPs', 'responsibilityNumbering': 'f.', 'responsibilityText': ' Direct using common technical standards and specifications with deviations by exception.', 'responsibilityEntities': ''},
    {'filename': 'DoDI 5000.94.pdf', 'documentTitle': 'Use of Robotic Systems for Manufacturing and Sustainment in the DoD', 'organizationPersonnelNumbering': '2.4.', 'organizationPersonnelText': ' SECRETARIES OF THE MILDEPS AND DIRECTORS OF THE DEFENSE AGENCIES. The Secretaries of the MILDEPs and the Directors of the Defense Agencies:', 'organizationPersonnelEntities': 'Directors of the Defense Agencies;Secretaries of the MILDEPs', 'responsibilityNumbering': 'g.', 'responsibilityText': ' Identify an organizational lead and focal point for robotic systems, from within their own Component, who will participate in JROBOT.', 'responsibilityEntities': ''},
    {'filename': 'DoDI 5000.94.pdf', 'documentTitle': 'Use of Robotic Systems for Manufacturing and Sustainment in the DoD', 'organizationPersonnelNumbering': '2.4.', 'organizationPersonnelText': ' SECRETARIES OF THE MILDEPS AND DIRECTORS OF THE DEFENSE AGENCIES. The Secretaries of the MILDEPs and the Directors of the Defense Agencies:', 'organizationPersonnelEntities': 'Directors of the Defense Agencies;Secretaries of the MILDEPs', 'responsibilityNumbering': 'h.', 'responsibilityText': ' Advance and sustain robotic systems by establishing organizational constructs that use accountability and governance to promote implementing and using robotic systems.', 'responsibilityEntities': ''},
    {'filename': 'DoDI 5000.94.pdf', 'documentTitle': 'Use of Robotic Systems for Manufacturing and Sustainment in the DoD', 'organizationPersonnelNumbering': '2.4.', 'organizationPersonnelText': ' SECRETARIES OF THE MILDEPS AND DIRECTORS OF THE DEFENSE AGENCIES. The Secretaries of the MILDEPs and the Directors of the Defense Agencies:', 'organizationPersonnelEntities': 'Directors of the Defense Agencies;Secretaries of the MILDEPs', 'responsibilityNumbering': 'i.', 'responsibilityText': ' Provide resources for the requirements and implementation of robotic systems, including personnel participating in developing common standards and specifications.', 'responsibilityEntities': ''},
    {'filename': 'DoDI 5000.94.pdf', 'documentTitle': 'Use of Robotic Systems for Manufacturing and Sustainment in the DoD', 'organizationPersonnelNumbering': '2.4.', 'organizationPersonnelText': ' SECRETARIES OF THE MILDEPS AND DIRECTORS OF THE DEFENSE AGENCIES. The Secretaries of the MILDEPs and the Directors of the Defense Agencies:', 'organizationPersonnelEntities': 'Directors of the Defense Agencies;Secretaries of the MILDEPs', 'responsibilityNumbering': 'j.', 'responsibilityText': ' Provide guidance and requirements oversight on whether the MILDEP or Defense Agency workforce is properly educated, trained, and certified for robotic systems, in accordance with a common set of requirements to address appropriate classroom and hands-on training.', 'responsibilityEntities': 'Defense Agency'},
    {'filename': 'DoDI 5000.94.pdf', 'documentTitle': 'Use of Robotic Systems for Manufacturing and Sustainment in the DoD', 'organizationPersonnelNumbering': '2.4.', 'organizationPersonnelText': ' SECRETARIES OF THE MILDEPS AND DIRECTORS OF THE DEFENSE AGENCIES. The Secretaries of the MILDEPs and the Directors of the Defense Agencies:', 'organizationPersonnelEntities': 'Directors of the Defense Agencies;Secretaries of the MILDEPs', 'responsibilityNumbering': 'k.', 'responsibilityText': ' Support creating common technical training requirements across the DoD in conjunction with the OSD.', 'responsibilityEntities': 'DoD;OSD'},
    {'filename': 'DoDI 5000.94.pdf', 'documentTitle': 'Use of Robotic Systems for Manufacturing and Sustainment in the DoD', 'organizationPersonnelNumbering': '2.4.', 'organizationPersonnelText': ' SECRETARIES OF THE MILDEPS AND DIRECTORS OF THE DEFENSE AGENCIES. The Secretaries of the MILDEPs and the Directors of the Defense Agencies:', 'organizationPersonnelEntities': 'Directors of the Defense Agencies;Secretaries of the MILDEPs', 'responsibilityNumbering': 'l.', 'responsibilityText': ' Direct connecting R&D activities to support A&S operations using robotic systems and fund transitioning new technologies.', 'responsibilityEntities': 'RD'},
    {'filename': 'DoDI 5000.94.pdf', 'documentTitle': 'Use of Robotic Systems for Manufacturing and Sustainment in the DoD', 'organizationPersonnelNumbering': '2.4.', 'organizationPersonnelText': ' SECRETARIES OF THE MILDEPS AND DIRECTORS OF THE DEFENSE AGENCIES. The Secretaries of the MILDEPs and the Directors of the Defense Agencies:', 'organizationPersonnelEntities': 'Directors of the Defense Agencies;Secretaries of the MILDEPs', 'responsibilityNumbering': 'm.', 'responsibilityText': ' Support developing DoD-wide robotics systems technology road maps and align R&D, test, and evaluation to these road maps and strategies.  Leverage strategic partnerships to develop solutions to meet technical requirements as necessary.', 'responsibilityEntities': 'RD'},
    {'filename': 'DoDI 5000.94.pdf', 'documentTitle': 'Use of Robotic Systems for Manufacturing and Sustainment in the DoD', 'organizationPersonnelNumbering': '2.4.', 'organizationPersonnelText': ' SECRETARIES OF THE MILDEPS AND DIRECTORS OF THE DEFENSE AGENCIES. The Secretaries of the MILDEPs and the Directors of the Defense Agencies:', 'organizationPersonnelEntities': 'Directors of the Defense Agencies;Secretaries of the MILDEPs', 'responsibilityNumbering': 'n.', 'responsibilityText': ' Establish and maintain cyber-physical infrastructure and security requirements necessary to deploy robotic systems in the organic industrial base.', 'responsibilityEntities': ''},
    {'filename': 'DoDI 5000.94.pdf', 'documentTitle': 'Use of Robotic Systems for Manufacturing and Sustainment in the DoD', 'organizationPersonnelNumbering': '2.4.', 'organizationPersonnelText': ' SECRETARIES OF THE MILDEPS AND DIRECTORS OF THE DEFENSE AGENCIES. The Secretaries of the MILDEPs and the Directors of the Defense Agencies:', 'organizationPersonnelEntities': 'Directors of the Defense Agencies;Secretaries of the MILDEPs', 'responsibilityNumbering': 'o.', 'responsibilityText': ' Direct, fund, and monitor intellectual property access and data rights necessary to support using robotic systems.', 'responsibilityEntities': ''},
    {'filename': 'DoDI 5000.94.pdf', 'documentTitle': 'Use of Robotic Systems for Manufacturing and Sustainment in the DoD', 'organizationPersonnelNumbering': '2.4.', 'organizationPersonnelText': ' SECRETARIES OF THE MILDEPS AND DIRECTORS OF THE DEFENSE AGENCIES. The Secretaries of the MILDEPs and the Directors of the Defense Agencies:', 'organizationPersonnelEntities': 'Directors of the Defense Agencies;Secretaries of the MILDEPs', 'responsibilityNumbering': 'p.', 'responsibilityText': ' Enable integrating robotic system and automation capabilities into enterprise architecture and supporting business systems and processes.', 'responsibilityEntities': ''},
    {'filename': 'DoDI 5000.94.pdf', 'documentTitle': 'Use of Robotic Systems for Manufacturing and Sustainment in the DoD', 'organizationPersonnelNumbering': '2.4.', 'organizationPersonnelText': ' SECRETARIES OF THE MILDEPS AND DIRECTORS OF THE DEFENSE AGENCIES. The Secretaries of the MILDEPs and the Directors of the Defense Agencies:', 'organizationPersonnelEntities': 'Directors of the Defense Agencies;Secretaries of the MILDEPs', 'responsibilityNumbering': 'q.', 'responsibilityText': ' Comply with applicable U.S. export laws, regulations, and DoD policy, including for international transfers, DoDI 2040.02, and Titles 15, 22, and 50, Code of Federal Regulations, when sharing best practices and related robotic technologies with allies.', 'responsibilityEntities': 'DoD'},
    {'filename': 'DoDI 5000.94.pdf', 'documentTitle': 'Use of Robotic Systems for Manufacturing and Sustainment in the DoD', 'organizationPersonnelNumbering': '2.5.', 'organizationPersonnelText': ' CHAIRMAN OF THE JOINT CHIEFS OF STAFF. The Chairman of the Joint Chiefs of Staff:', 'organizationPersonnelEntities': 'Chairman of the Joint Chiefs of Staff', 'responsibilityNumbering': 'a.', 'responsibilityText': ' Guides the development of requirements documents and their associated capability requirements necessary to integrate robotic systems and procedures early in the life cycle of weapon systems.', 'responsibilityEntities': ''},
    {'filename': 'DoDI 5000.94.pdf', 'documentTitle': 'Use of Robotic Systems for Manufacturing and Sustainment in the DoD', 'organizationPersonnelNumbering': '2.5.', 'organizationPersonnelText': ' CHAIRMAN OF THE JOINT CHIEFS OF STAFF. The Chairman of the Joint Chiefs of Staff:', 'organizationPersonnelEntities': 'Chairman of the Joint Chiefs of Staff', 'responsibilityNumbering': 'b.', 'responsibilityText': ' Identifies an organizational lead and focal point from within their Component to participate in JROBOT.', 'responsibilityEntities': ''},
    {'filename': 'DoDI 5000.94.pdf', 'documentTitle': 'Use of Robotic Systems for Manufacturing and Sustainment in the DoD', 'organizationPersonnelNumbering': '2.5.', 'organizationPersonnelText': ' CHAIRMAN OF THE JOINT CHIEFS OF STAFF. The Chairman of the Joint Chiefs of Staff:', 'organizationPersonnelEntities': 'Chairman of the Joint Chiefs of Staff', 'responsibilityNumbering': 'c.', 'responsibilityText': ' Supports developing robotic systems training appropriate for Combatant Commands’ personnel.', 'responsibilityEntities': 'Combatant Commands'},
    {'filename': 'DoDI 5000.94.pdf', 'documentTitle': 'Use of Robotic Systems for Manufacturing and Sustainment in the DoD', 'organizationPersonnelNumbering': '2.5.', 'organizationPersonnelText': ' CHAIRMAN OF THE JOINT CHIEFS OF STAFF. The Chairman of the Joint Chiefs of Staff:', 'organizationPersonnelEntities': 'Chairman of the Joint Chiefs of Staff', 'responsibilityNumbering': 'd.', 'responsibilityText': ' Supports using robotics in forward-deployed or mobile maintenance operations.', 'responsibilityEntities': ''},
    {'filename': 'DoDI 5000.94.pdf', 'documentTitle': 'Use of Robotic Systems for Manufacturing and Sustainment in the DoD', 'organizationPersonnelNumbering': '2.5.', 'organizationPersonnelText': ' CHAIRMAN OF THE JOINT CHIEFS OF STAFF. The Chairman of the Joint Chiefs of Staff:', 'organizationPersonnelEntities': 'Chairman of the Joint Chiefs of Staff', 'responsibilityNumbering': 'e.', 'responsibilityText': ' Coordinates cyber-physical security and infrastructure requirements across the MILDEPs for joint operations.', 'responsibilityEntities': ''},
    {'filename': 'DoDI 5000.94.pdf', 'documentTitle': 'Use of Robotic Systems for Manufacturing and Sustainment in the DoD', 'organizationPersonnelNumbering': '2.5.', 'organizationPersonnelText': ' CHAIRMAN OF THE JOINT CHIEFS OF STAFF. The Chairman of the Joint Chiefs of Staff:', 'organizationPersonnelEntities': 'Chairman of the Joint Chiefs of Staff', 'responsibilityNumbering': 'f.', 'responsibilityText': ' Works with Service acquisition executives in determining the appropriateness of adding robotic system lines of effort within life cycle sustainment plans tied to joint programs.', 'responsibilityEntities': ''}
]